// Jest Snapshot v1, https://goo.gl/fbAQLP

exports[`Page header tools should correctly render the component 1`] = `
<div
  className="pf-c-page__header-tools"
>
  <div
    className="pf-c-page__header-tools-group"
  >
    <div
      className="pf-c-page__header-tools-item"
    >
      <div
        className="pf-c-dropdown pf-m-align-right"
        data-ouia-component-id={0}
        data-ouia-component-type="PF4/Dropdown"
        data-ouia-safe={true}
      >
        <button
          aria-expanded={false}
          aria-haspopup={true}
          className="pf-c-dropdown__toggle pf-m-plain"
          disabled={false}
          id="pf-toggle-id-0"
          onClick={[Function]}
          onKeyDown={[Function]}
          type="button"
        >
          <span
            className="pf-c-dropdown__toggle-text"
          >
            John Doe
          </span>
          <span
            className="pf-c-dropdown__toggle-icon"
          >
            <svg
              aria-hidden={true}
              aria-labelledby={null}
              fill="currentColor"
              height="1em"
              role="img"
              style={
                Object {
                  "verticalAlign": "-0.125em",
                }
              }
              viewBox="0 0 320 512"
              width="1em"
            >
              <path
                d="M31.3 192h257.3c17.8 0 26.7 21.5 14.1 34.1L174.1 354.8c-7.8 7.8-20.5 7.8-28.3 0L17.2 226.1C4.6 213.5 13.5 192 31.3 192z"
                transform=""
              />
            </svg>
          </span>
        </button>
      </div>
    </div>
  </div>
  <img
    alt="Avatar image"
    className="pf-c-avatar"
    src="avatar/source/location"
  />
</div>
`;
